src/components/features/market/WallHunterModal.tsx(383,9): error TS17004: Cannot use JSX unless the '--jsx' flag is provided.
src/components/features/market/WallHunterModal.tsx(384,13): error TS17004: Cannot use JSX unless the '--jsx' flag is provided.
src/components/features/market/WallHunterModal.tsx(385,17): error TS17004: Cannot use JSX unless the '--jsx' flag is provided.
src/components/features/market/WallHunterModal.tsx(386,21): error TS17004: Cannot use JSX unless the '--jsx' flag is provided.
src/components/features/market/WallHunterModal.tsx(387,21): error TS17004: Cannot use JSX unless the '--jsx' flag is provided.
src/components/features/market/WallHunterModal.tsx(391,25): error TS17004: Cannot use JSX unless the '--jsx' flag is provided.
src/components/features/market/WallHunterModal.tsx(391,108): error TS17004: Cannot use JSX unless the '--jsx' flag is provided.
src/components/features/market/WallHunterModal.tsx(397,17): error TS17004: Cannot use JSX unless the '--jsx' flag is provided.
src/components/features/market/WallHunterModal.tsx(398,21): error TS17004: Cannot use JSX unless the '--jsx' flag is provided.
src/components/features/market/WallHunterModal.tsx(404,21): error TS17004: Cannot use JSX unless the '--jsx' flag is provided.
src/components/features/market/WallHunterModal.tsx(413,17): error TS17004: Cannot use JSX unless the '--jsx' flag is provided.
src/components/features/market/WallHunterModal.tsx(414,21): error TS17004: Cannot use JSX unless the '--jsx' flag is provided.
src/components/features/market/WallHunterModal.tsx(415,21): error TS17004: Cannot use JSX unless the '--jsx' flag is provided.
src/components/features/market/WallHunterModal.tsx(416,21): error TS17004: Cannot use JSX unless the '--jsx' flag is provided.
src/components/features/market/WallHunterModal.tsx(417,21): error TS17004: Cannot use JSX unless the '--jsx' flag is provided.
src/components/features/market/WallHunterModal.tsx(421,17): error TS17004: Cannot use JSX unless the '--jsx' flag is provided.
src/components/features/market/WallHunterModal.tsx(423,25): error TS17004: Cannot use JSX unless the '--jsx' flag is provided.
src/components/features/market/WallHunterModal.tsx(424,29): error TS17004: Cannot use JSX unless the '--jsx' flag is provided.
src/components/features/market/WallHunterModal.tsx(425,33): error TS17004: Cannot use JSX unless the '--jsx' flag is provided.
src/components/features/market/WallHunterModal.tsx(426,37): error TS17004: Cannot use JSX unless the '--jsx' flag is provided.
src/components/features/market/WallHunterModal.tsx(427,37): error TS17004: Cannot use JSX unless the '--jsx' flag is provided.
src/components/features/market/WallHunterModal.tsx(429,33): error TS17004: Cannot use JSX unless the '--jsx' flag is provided.
src/components/features/market/WallHunterModal.tsx(430,37): error TS17004: Cannot use JSX unless the '--jsx' flag is provided.
src/components/features/market/WallHunterModal.tsx(431,37): error TS17004: Cannot use JSX unless the '--jsx' flag is provided.
src/components/features/market/WallHunterModal.tsx(438,49): error TS17004: Cannot use JSX unless the '--jsx' flag is provided.
src/components/features/market/WallHunterModal.tsx(443,45): error TS17004: Cannot use JSX unless the '--jsx' flag is provided.
src/components/features/market/WallHunterModal.tsx(444,49): error TS17004: Cannot use JSX unless the '--jsx' flag is provided.
src/components/features/market/WallHunterModal.tsx(445,49): error TS17004: Cannot use JSX unless the '--jsx' flag is provided.
src/components/features/market/WallHunterModal.tsx(446,49): error TS17004: Cannot use JSX unless the '--jsx' flag is provided.
src/components/features/market/WallHunterModal.tsx(447,49): error TS17004: Cannot use JSX unless the '--jsx' flag is provided.
src/components/features/market/WallHunterModal.tsx(452,33): error TS17004: Cannot use JSX unless the '--jsx' flag is provided.
src/components/features/market/WallHunterModal.tsx(453,37): error TS17004: Cannot use JSX unless the '--jsx' flag is provided.
src/components/features/market/WallHunterModal.tsx(454,37): error TS17004: Cannot use JSX unless the '--jsx' flag is provided.
src/components/features/market/WallHunterModal.tsx(455,41): error TS17004: Cannot use JSX unless the '--jsx' flag is provided.
src/components/features/market/WallHunterModal.tsx(456,41): error TS17004: Cannot use JSX unless the '--jsx' flag is provided.
src/components/features/market/WallHunterModal.tsx(461,29): error TS17004: Cannot use JSX unless the '--jsx' flag is provided.
src/components/features/market/WallHunterModal.tsx(462,33): error TS17004: Cannot use JSX unless the '--jsx' flag is provided.
src/components/features/market/WallHunterModal.tsx(463,37): error TS17004: Cannot use JSX unless the '--jsx' flag is provided.
src/components/features/market/WallHunterModal.tsx(463,95): error TS17004: Cannot use JSX unless the '--jsx' flag is provided.
src/components/features/market/WallHunterModal.tsx(464,54): error TS17004: Cannot use JSX unless the '--jsx' flag is provided.
src/components/features/market/WallHunterModal.tsx(466,33): error TS17004: Cannot use JSX unless the '--jsx' flag is provided.
src/components/features/market/WallHunterModal.tsx(467,37): error TS17004: Cannot use JSX unless the '--jsx' flag is provided.
src/components/features/market/WallHunterModal.tsx(467,93): error TS17004: Cannot use JSX unless the '--jsx' flag is provided.
src/components/features/market/WallHunterModal.tsx(468,55): error TS17004: Cannot use JSX unless the '--jsx' flag is provided.
src/components/features/market/WallHunterModal.tsx(473,33): error TS17004: Cannot use JSX unless the '--jsx' flag is provided.
src/components/features/market/WallHunterModal.tsx(474,37): error TS17004: Cannot use JSX unless the '--jsx' flag is provided.
src/components/features/market/WallHunterModal.tsx(475,37): error TS17004: Cannot use JSX unless the '--jsx' flag is provided.
src/components/features/market/WallHunterModal.tsx(476,41): error TS17004: Cannot use JSX unless the '--jsx' flag is provided.
src/components/features/market/WallHunterModal.tsx(478,45): error TS17004: Cannot use JSX unless the '--jsx' flag is provided.
src/components/features/market/WallHunterModal.tsx(486,33): error TS17004: Cannot use JSX unless the '--jsx' flag is provided.
src/components/features/market/WallHunterModal.tsx(487,37): error TS17004: Cannot use JSX unless the '--jsx' flag is provided.
src/components/features/market/WallHunterModal.tsx(488,41): error TS17004: Cannot use JSX unless the '--jsx' flag is provided.
src/components/features/market/WallHunterModal.tsx(489,45): error TS17004: Cannot use JSX unless the '--jsx' flag is provided.
src/components/features/market/WallHunterModal.tsx(489,124): error TS17004: Cannot use JSX unless the '--jsx' flag is provided.
src/components/features/market/WallHunterModal.tsx(494,37): error TS17004: Cannot use JSX unless the '--jsx' flag is provided.
src/components/features/market/WallHunterModal.tsx(495,41): error TS17004: Cannot use JSX unless the '--jsx' flag is provided.
src/components/features/market/WallHunterModal.tsx(496,45): error TS17004: Cannot use JSX unless the '--jsx' flag is provided.
src/components/features/market/WallHunterModal.tsx(497,45): error TS17004: Cannot use JSX unless the '--jsx' flag is provided.
src/components/features/market/WallHunterModal.tsx(498,49): error TS17004: Cannot use JSX unless the '--jsx' flag is provided.
src/components/features/market/WallHunterModal.tsx(499,49): error TS17004: Cannot use JSX unless the '--jsx' flag is provided.
src/components/features/market/WallHunterModal.tsx(502,41): error TS17004: Cannot use JSX unless the '--jsx' flag is provided.
src/components/features/market/WallHunterModal.tsx(503,45): error TS17004: Cannot use JSX unless the '--jsx' flag is provided.
src/components/features/market/WallHunterModal.tsx(504,45): error TS17004: Cannot use JSX unless the '--jsx' flag is provided.
src/components/features/market/WallHunterModal.tsx(513,49): error TS17004: Cannot use JSX unless the '--jsx' flag is provided.
src/components/features/market/WallHunterModal.tsx(514,49): error TS17004: Cannot use JSX unless the '--jsx' flag is provided.
src/components/features/market/WallHunterModal.tsx(515,49): error TS17004: Cannot use JSX unless the '--jsx' flag is provided.
src/components/features/market/WallHunterModal.tsx(521,41): error TS17004: Cannot use JSX unless the '--jsx' flag is provided.
src/components/features/market/WallHunterModal.tsx(522,45): error TS17004: Cannot use JSX unless the '--jsx' flag is provided.
src/components/features/market/WallHunterModal.tsx(523,49): error TS17004: Cannot use JSX unless the '--jsx' flag is provided.
src/components/features/market/WallHunterModal.tsx(524,49): error TS17004: Cannot use JSX unless the '--jsx' flag is provided.
src/components/features/market/WallHunterModal.tsx(526,45): error TS17004: Cannot use JSX unless the '--jsx' flag is provided.
src/components/features/market/WallHunterModal.tsx(527,49): error TS17004: Cannot use JSX unless the '--jsx' flag is provided.
src/components/features/market/WallHunterModal.tsx(536,49): error TS17004: Cannot use JSX unless the '--jsx' flag is provided.
src/components/features/market/WallHunterModal.tsx(544,45): error TS17004: Cannot use JSX unless the '--jsx' flag is provided.
src/components/features/market/WallHunterModal.tsx(548,37): error TS17004: Cannot use JSX unless the '--jsx' flag is provided.
src/components/features/market/WallHunterModal.tsx(549,41): error TS17004: Cannot use JSX unless the '--jsx' flag is provided.
src/components/features/market/WallHunterModal.tsx(550,45): error TS17004: Cannot use JSX unless the '--jsx' flag is provided.
src/components/features/market/WallHunterModal.tsx(551,45): error TS17004: Cannot use JSX unless the '--jsx' flag is provided.
src/components/features/market/WallHunterModal.tsx(553,41): error TS17004: Cannot use JSX unless the '--jsx' flag is provided.
src/components/features/market/WallHunterModal.tsx(554,45): error TS17004: Cannot use JSX unless the '--jsx' flag is provided.
src/components/features/market/WallHunterModal.tsx(555,45): error TS17004: Cannot use JSX unless the '--jsx' flag is provided.
src/components/features/market/WallHunterModal.tsx(561,29): error TS17004: Cannot use JSX unless the '--jsx' flag is provided.
src/components/features/market/WallHunterModal.tsx(562,33): error TS17004: Cannot use JSX unless the '--jsx' flag is provided.
src/components/features/market/WallHunterModal.tsx(563,37): error TS17004: Cannot use JSX unless the '--jsx' flag is provided.
src/components/features/market/WallHunterModal.tsx(564,37): error TS17004: Cannot use JSX unless the '--jsx' flag is provided.
src/components/features/market/WallHunterModal.tsx(566,33): error TS17004: Cannot use JSX unless the '--jsx' flag is provided.
src/components/features/market/WallHunterModal.tsx(567,37): error TS17004: Cannot use JSX unless the '--jsx' flag is provided.
src/components/features/market/WallHunterModal.tsx(568,37): error TS17004: Cannot use JSX unless the '--jsx' flag is provided.
src/components/features/market/WallHunterModal.tsx(572,29): error TS17004: Cannot use JSX unless the '--jsx' flag is provided.
src/components/features/market/WallHunterModal.tsx(577,25): error TS17004: Cannot use JSX unless the '--jsx' flag is provided.
src/components/features/market/WallHunterModal.tsx(579,29): error TS17004: Cannot use JSX unless the '--jsx' flag is provided.
src/components/features/market/WallHunterModal.tsx(581,29): error TS17004: Cannot use JSX unless the '--jsx' flag is provided.
src/components/features/market/WallHunterModal.tsx(582,33): error TS17004: Cannot use JSX unless the '--jsx' flag is provided.
src/components/features/market/WallHunterModal.tsx(583,37): error TS17004: Cannot use JSX unless the '--jsx' flag is provided.
src/components/features/market/WallHunterModal.tsx(584,41): error TS17004: Cannot use JSX unless the '--jsx' flag is provided.
src/components/features/market/WallHunterModal.tsx(585,45): error TS17004: Cannot use JSX unless the '--jsx' flag is provided.
src/components/features/market/WallHunterModal.tsx(587,41): error TS17004: Cannot use JSX unless the '--jsx' flag is provided.
src/components/features/market/WallHunterModal.tsx(591,37): error TS17004: Cannot use JSX unless the '--jsx' flag is provided.
src/components/features/market/WallHunterModal.tsx(592,41): error TS17004: Cannot use JSX unless the '--jsx' flag is provided.
src/components/features/market/WallHunterModal.tsx(593,45): error TS17004: Cannot use JSX unless the '--jsx' flag is provided.
src/components/features/market/WallHunterModal.tsx(594,49): error TS17004: Cannot use JSX unless the '--jsx' flag is provided.
src/components/features/market/WallHunterModal.tsx(595,49): error TS17004: Cannot use JSX unless the '--jsx' flag is provided.
src/components/features/market/WallHunterModal.tsx(597,45): error TS17004: Cannot use JSX unless the '--jsx' flag is provided.
src/components/features/market/WallHunterModal.tsx(599,41): error TS17004: Cannot use JSX unless the '--jsx' flag is provided.
src/components/features/market/WallHunterModal.tsx(600,45): error TS17004: Cannot use JSX unless the '--jsx' flag is provided.
src/components/features/market/WallHunterModal.tsx(601,49): error TS17004: Cannot use JSX unless the '--jsx' flag is provided.
src/components/features/market/WallHunterModal.tsx(602,49): error TS17004: Cannot use JSX unless the '--jsx' flag is provided.
src/components/features/market/WallHunterModal.tsx(604,45): error TS17004: Cannot use JSX unless the '--jsx' flag is provided.
src/components/features/market/WallHunterModal.tsx(605,49): error TS17004: Cannot use JSX unless the '--jsx' flag is provided.
src/components/features/market/WallHunterModal.tsx(606,49): error TS17004: Cannot use JSX unless the '--jsx' flag is provided.
src/components/features/market/WallHunterModal.tsx(611,41): error TS17004: Cannot use JSX unless the '--jsx' flag is provided.
src/components/features/market/WallHunterModal.tsx(612,45): error TS17004: Cannot use JSX unless the '--jsx' flag is provided.
src/components/features/market/WallHunterModal.tsx(613,49): error TS17004: Cannot use JSX unless the '--jsx' flag is provided.
src/components/features/market/WallHunterModal.tsx(614,53): error TS17004: Cannot use JSX unless the '--jsx' flag is provided.
src/components/features/market/WallHunterModal.tsx(615,57): error TS17004: Cannot use JSX unless the '--jsx' flag is provided.
src/components/features/market/WallHunterModal.tsx(617,53): error TS17004: Cannot use JSX unless the '--jsx' flag is provided.
src/components/features/market/WallHunterModal.tsx(619,57): error TS17004: Cannot use JSX unless the '--jsx' flag is provided.
src/components/features/market/WallHunterModal.tsx(620,61): error TS17004: Cannot use JSX unless the '--jsx' flag is provided.
src/components/features/market/WallHunterModal.tsx(620,152): error TS17004: Cannot use JSX unless the '--jsx' flag is provided.
src/components/features/market/WallHunterModal.tsx(621,61): error TS17004: Cannot use JSX unless the '--jsx' flag is provided.
src/components/features/market/WallHunterModal.tsx(629,49): error TS17004: Cannot use JSX unless the '--jsx' flag is provided.
src/components/features/market/WallHunterModal.tsx(630,53): error TS17004: Cannot use JSX unless the '--jsx' flag is provided.
src/components/features/market/WallHunterModal.tsx(631,57): error TS17004: Cannot use JSX unless the '--jsx' flag is provided.
src/components/features/market/WallHunterModal.tsx(632,61): error TS17004: Cannot use JSX unless the '--jsx' flag is provided.
src/components/features/market/WallHunterModal.tsx(633,61): error TS17004: Cannot use JSX unless the '--jsx' flag is provided.
src/components/features/market/WallHunterModal.tsx(635,57): error TS17004: Cannot use JSX unless the '--jsx' flag is provided.
src/components/features/market/WallHunterModal.tsx(637,53): error TS17004: Cannot use JSX unless the '--jsx' flag is provided.
src/components/features/market/WallHunterModal.tsx(638,57): error TS17004: Cannot use JSX unless the '--jsx' flag is provided.
src/components/features/market/WallHunterModal.tsx(639,61): error TS17004: Cannot use JSX unless the '--jsx' flag is provided.
src/components/features/market/WallHunterModal.tsx(640,61): error TS17004: Cannot use JSX unless the '--jsx' flag is provided.
src/components/features/market/WallHunterModal.tsx(642,57): error TS17004: Cannot use JSX unless the '--jsx' flag is provided.
src/components/features/market/WallHunterModal.tsx(651,29): error TS17004: Cannot use JSX unless the '--jsx' flag is provided.
src/components/features/market/WallHunterModal.tsx(652,33): error TS17004: Cannot use JSX unless the '--jsx' flag is provided.
src/components/features/market/WallHunterModal.tsx(653,37): error TS17004: Cannot use JSX unless the '--jsx' flag is provided.
src/components/features/market/WallHunterModal.tsx(654,41): error TS17004: Cannot use JSX unless the '--jsx' flag is provided.
src/components/features/market/WallHunterModal.tsx(655,45): error TS17004: Cannot use JSX unless the '--jsx' flag is provided.
src/components/features/market/WallHunterModal.tsx(657,41): error TS17004: Cannot use JSX unless the '--jsx' flag is provided.
src/components/features/market/WallHunterModal.tsx(661,37): error TS17004: Cannot use JSX unless the '--jsx' flag is provided.
src/components/features/market/WallHunterModal.tsx(662,41): error TS17004: Cannot use JSX unless the '--jsx' flag is provided.
src/components/features/market/WallHunterModal.tsx(663,45): error TS17004: Cannot use JSX unless the '--jsx' flag is provided.
src/components/features/market/WallHunterModal.tsx(664,49): error TS17004: Cannot use JSX unless the '--jsx' flag is provided.
src/components/features/market/WallHunterModal.tsx(665,49): error TS17004: Cannot use JSX unless the '--jsx' flag is provided.
src/components/features/market/WallHunterModal.tsx(667,45): error TS17004: Cannot use JSX unless the '--jsx' flag is provided.
src/components/features/market/WallHunterModal.tsx(680,41): error TS17004: Cannot use JSX unless the '--jsx' flag is provided.
src/components/features/market/WallHunterModal.tsx(681,45): error TS17004: Cannot use JSX unless the '--jsx' flag is provided.
src/components/features/market/WallHunterModal.tsx(682,49): error TS17004: Cannot use JSX unless the '--jsx' flag is provided.
src/components/features/market/WallHunterModal.tsx(683,53): error TS17004: Cannot use JSX unless the '--jsx' flag is provided.
src/components/features/market/WallHunterModal.tsx(684,57): error TS17004: Cannot use JSX unless the '--jsx' flag is provided.
src/components/features/market/WallHunterModal.tsx(686,53): error TS17004: Cannot use JSX unless the '--jsx' flag is provided.
src/components/features/market/WallHunterModal.tsx(690,49): error TS17004: Cannot use JSX unless the '--jsx' flag is provided.
src/components/features/market/WallHunterModal.tsx(691,53): error TS17004: Cannot use JSX unless the '--jsx' flag is provided.
src/components/features/market/WallHunterModal.tsx(692,57): error TS17004: Cannot use JSX unless the '--jsx' flag is provided.
src/components/features/market/WallHunterModal.tsx(693,57): error TS17004: Cannot use JSX unless the '--jsx' flag is provided.
src/components/features/market/WallHunterModal.tsx(695,53): error TS17004: Cannot use JSX unless the '--jsx' flag is provided.
src/components/features/market/WallHunterModal.tsx(696,57): error TS17004: Cannot use JSX unless the '--jsx' flag is provided.
src/components/features/market/WallHunterModal.tsx(697,57): error TS17004: Cannot use JSX unless the '--jsx' flag is provided.
src/components/features/market/WallHunterModal.tsx(704,41): error TS17004: Cannot use JSX unless the '--jsx' flag is provided.
src/components/features/market/WallHunterModal.tsx(705,45): error TS17004: Cannot use JSX unless the '--jsx' flag is provided.
src/components/features/market/WallHunterModal.tsx(706,49): error TS17004: Cannot use JSX unless the '--jsx' flag is provided.
src/components/features/market/WallHunterModal.tsx(708,53): error TS17004: Cannot use JSX unless the '--jsx' flag is provided.
src/components/features/market/WallHunterModal.tsx(709,57): error TS17004: Cannot use JSX unless the '--jsx' flag is provided.
src/components/features/market/WallHunterModal.tsx(710,61): error TS17004: Cannot use JSX unless the '--jsx' flag is provided.
src/components/features/market/WallHunterModal.tsx(711,61): error TS17004: Cannot use JSX unless the '--jsx' flag is provided.
src/components/features/market/WallHunterModal.tsx(713,57): error TS17004: Cannot use JSX unless the '--jsx' flag is provided.
src/components/features/market/WallHunterModal.tsx(716,53): error TS17004: Cannot use JSX unless the '--jsx' flag is provided.
src/components/features/market/WallHunterModal.tsx(720,45): error TS17004: Cannot use JSX unless the '--jsx' flag is provided.
src/components/features/market/WallHunterModal.tsx(721,49): error TS17004: Cannot use JSX unless the '--jsx' flag is provided.
src/components/features/market/WallHunterModal.tsx(723,53): error TS17004: Cannot use JSX unless the '--jsx' flag is provided.
src/components/features/market/WallHunterModal.tsx(724,57): error TS17004: Cannot use JSX unless the '--jsx' flag is provided.
src/components/features/market/WallHunterModal.tsx(725,61): error TS17004: Cannot use JSX unless the '--jsx' flag is provided.
src/components/features/market/WallHunterModal.tsx(726,61): error TS17004: Cannot use JSX unless the '--jsx' flag is provided.
src/components/features/market/WallHunterModal.tsx(728,57): error TS17004: Cannot use JSX unless the '--jsx' flag is provided.
src/components/features/market/WallHunterModal.tsx(731,53): error TS17004: Cannot use JSX unless the '--jsx' flag is provided.
src/components/features/market/WallHunterModal.tsx(737,41): error TS17004: Cannot use JSX unless the '--jsx' flag is provided.
src/components/features/market/WallHunterModal.tsx(738,45): error TS17004: Cannot use JSX unless the '--jsx' flag is provided.
src/components/features/market/WallHunterModal.tsx(739,49): error TS17004: Cannot use JSX unless the '--jsx' flag is provided.
src/components/features/market/WallHunterModal.tsx(740,76): error TS17004: Cannot use JSX unless the '--jsx' flag is provided.
src/components/features/market/WallHunterModal.tsx(743,49): error TS17004: Cannot use JSX unless the '--jsx' flag is provided.
src/components/features/market/WallHunterModal.tsx(744,53): error TS17004: Cannot use JSX unless the '--jsx' flag is provided.
src/components/features/market/WallHunterModal.tsx(745,53): error TS17004: Cannot use JSX unless the '--jsx' flag is provided.
src/components/features/market/WallHunterModal.tsx(756,25): error TS17004: Cannot use JSX unless the '--jsx' flag is provided.
src/components/features/market/WallHunterModal.tsx(760,33): error TS17004: Cannot use JSX unless the '--jsx' flag is provided.
src/components/features/market/WallHunterModal.tsx(761,37): error TS17004: Cannot use JSX unless the '--jsx' flag is provided.
src/components/features/market/WallHunterModal.tsx(762,41): error TS17004: Cannot use JSX unless the '--jsx' flag is provided.
src/components/features/market/WallHunterModal.tsx(763,45): error TS17004: Cannot use JSX unless the '--jsx' flag is provided.
src/components/features/market/WallHunterModal.tsx(764,49): error TS17004: Cannot use JSX unless the '--jsx' flag is provided.
src/components/features/market/WallHunterModal.tsx(766,45): error TS17004: Cannot use JSX unless the '--jsx' flag is provided.
src/components/features/market/WallHunterModal.tsx(767,49): error TS17004: Cannot use JSX unless the '--jsx' flag is provided.
src/components/features/market/WallHunterModal.tsx(768,49): error TS17004: Cannot use JSX unless the '--jsx' flag is provided.
src/components/features/market/WallHunterModal.tsx(773,37): error TS17004: Cannot use JSX unless the '--jsx' flag is provided.
src/components/features/market/WallHunterModal.tsx(774,41): error TS17004: Cannot use JSX unless the '--jsx' flag is provided.
src/components/features/market/WallHunterModal.tsx(775,45): error TS17004: Cannot use JSX unless the '--jsx' flag is provided.
src/components/features/market/WallHunterModal.tsx(776,45): error TS17004: Cannot use JSX unless the '--jsx' flag is provided.
src/components/features/market/WallHunterModal.tsx(778,41): error TS17004: Cannot use JSX unless the '--jsx' flag is provided.
src/components/features/market/WallHunterModal.tsx(779,41): error TS17004: Cannot use JSX unless the '--jsx' flag is provided.
src/components/features/market/WallHunterModal.tsx(784,29): error TS17004: Cannot use JSX unless the '--jsx' flag is provided.
src/components/features/market/WallHunterModal.tsx(785,33): error TS17004: Cannot use JSX unless the '--jsx' flag is provided.
src/components/features/market/WallHunterModal.tsx(786,33): error TS17004: Cannot use JSX unless the '--jsx' flag is provided.
src/components/features/market/WallHunterModal.tsx(789,29): error TS17004: Cannot use JSX unless the '--jsx' flag is provided.
src/components/features/market/WallHunterModal.tsx(790,33): error TS17004: Cannot use JSX unless the '--jsx' flag is provided.
src/components/features/market/WallHunterModal.tsx(791,37): error TS17004: Cannot use JSX unless the '--jsx' flag is provided.
src/components/features/market/WallHunterModal.tsx(792,41): error TS17004: Cannot use JSX unless the '--jsx' flag is provided.
src/components/features/market/WallHunterModal.tsx(793,45): error TS17004: Cannot use JSX unless the '--jsx' flag is provided.
src/components/features/market/WallHunterModal.tsx(795,41): error TS17004: Cannot use JSX unless the '--jsx' flag is provided.
src/components/features/market/WallHunterModal.tsx(796,45): error TS17004: Cannot use JSX unless the '--jsx' flag is provided.
src/components/features/market/WallHunterModal.tsx(801,37): error TS17004: Cannot use JSX unless the '--jsx' flag is provided.
src/components/features/market/WallHunterModal.tsx(802,41): error TS17004: Cannot use JSX unless the '--jsx' flag is provided.
src/components/features/market/WallHunterModal.tsx(803,45): error TS17004: Cannot use JSX unless the '--jsx' flag is provided.
src/components/features/market/WallHunterModal.tsx(804,45): error TS17004: Cannot use JSX unless the '--jsx' flag is provided.
src/components/features/market/WallHunterModal.tsx(813,25): error TS17004: Cannot use JSX unless the '--jsx' flag is provided.
src/components/features/market/WallHunterModal.tsx(814,29): error TS17004: Cannot use JSX unless the '--jsx' flag is provided.
src/components/features/market/WallHunterModal.tsx(815,33): error TS17004: Cannot use JSX unless the '--jsx' flag is provided.
src/components/features/market/WallHunterModal.tsx(816,37): error TS17004: Cannot use JSX unless the '--jsx' flag is provided.
src/components/features/market/WallHunterModal.tsx(817,41): error TS17004: Cannot use JSX unless the '--jsx' flag is provided.
src/components/features/market/WallHunterModal.tsx(818,45): error TS17004: Cannot use JSX unless the '--jsx' flag is provided.
src/components/features/market/WallHunterModal.tsx(820,41): error TS17004: Cannot use JSX unless the '--jsx' flag is provided.
src/components/features/market/WallHunterModal.tsx(821,45): error TS17004: Cannot use JSX unless the '--jsx' flag is provided.
src/components/features/market/WallHunterModal.tsx(826,37): error TS17004: Cannot use JSX unless the '--jsx' flag is provided.
src/components/features/market/WallHunterModal.tsx(827,41): error TS17004: Cannot use JSX unless the '--jsx' flag is provided.
src/components/features/market/WallHunterModal.tsx(828,45): error TS17004: Cannot use JSX unless the '--jsx' flag is provided.
src/components/features/market/WallHunterModal.tsx(829,45): error TS17004: Cannot use JSX unless the '--jsx' flag is provided.
src/components/features/market/WallHunterModal.tsx(835,29): error TS17004: Cannot use JSX unless the '--jsx' flag is provided.
src/components/features/market/WallHunterModal.tsx(836,33): error TS17004: Cannot use JSX unless the '--jsx' flag is provided.
src/components/features/market/WallHunterModal.tsx(837,33): error TS17004: Cannot use JSX unless the '--jsx' flag is provided.
src/components/features/market/WallHunterModal.tsx(841,29): error TS17004: Cannot use JSX unless the '--jsx' flag is provided.
src/components/features/market/WallHunterModal.tsx(842,33): error TS17004: Cannot use JSX unless the '--jsx' flag is provided.
src/components/features/market/WallHunterModal.tsx(843,37): error TS17004: Cannot use JSX unless the '--jsx' flag is provided.
src/components/features/market/WallHunterModal.tsx(844,41): error TS17004: Cannot use JSX unless the '--jsx' flag is provided.
src/components/features/market/WallHunterModal.tsx(845,45): error TS17004: Cannot use JSX unless the '--jsx' flag is provided.
src/components/features/market/WallHunterModal.tsx(847,41): error TS17004: Cannot use JSX unless the '--jsx' flag is provided.
src/components/features/market/WallHunterModal.tsx(851,37): error TS17004: Cannot use JSX unless the '--jsx' flag is provided.
src/components/features/market/WallHunterModal.tsx(852,41): error TS17004: Cannot use JSX unless the '--jsx' flag is provided.
src/components/features/market/WallHunterModal.tsx(853,41): error TS17004: Cannot use JSX unless the '--jsx' flag is provided.
src/components/features/market/WallHunterModal.tsx(854,45): error TS17004: Cannot use JSX unless the '--jsx' flag is provided.
src/components/features/market/WallHunterModal.tsx(855,45): error TS17004: Cannot use JSX unless the '--jsx' flag is provided.
src/components/features/market/WallHunterModal.tsx(857,41): error TS17004: Cannot use JSX unless the '--jsx' flag is provided.
src/components/features/market/WallHunterModal.tsx(863,29): error TS17004: Cannot use JSX unless the '--jsx' flag is provided.
src/components/features/market/WallHunterModal.tsx(864,33): error TS17004: Cannot use JSX unless the '--jsx' flag is provided.
src/components/features/market/WallHunterModal.tsx(865,37): error TS17004: Cannot use JSX unless the '--jsx' flag is provided.
src/components/features/market/WallHunterModal.tsx(866,41): error TS17004: Cannot use JSX unless the '--jsx' flag is provided.
src/components/features/market/WallHunterModal.tsx(867,45): error TS17004: Cannot use JSX unless the '--jsx' flag is provided.
src/components/features/market/WallHunterModal.tsx(869,41): error TS17004: Cannot use JSX unless the '--jsx' flag is provided.
src/components/features/market/WallHunterModal.tsx(873,37): error TS17004: Cannot use JSX unless the '--jsx' flag is provided.
src/components/features/market/WallHunterModal.tsx(874,41): error TS17004: Cannot use JSX unless the '--jsx' flag is provided.
src/components/features/market/WallHunterModal.tsx(875,45): error TS17004: Cannot use JSX unless the '--jsx' flag is provided.
src/components/features/market/WallHunterModal.tsx(876,45): error TS17004: Cannot use JSX unless the '--jsx' flag is provided.
src/components/features/market/WallHunterModal.tsx(878,41): error TS17004: Cannot use JSX unless the '--jsx' flag is provided.
src/components/features/market/WallHunterModal.tsx(879,45): error TS17004: Cannot use JSX unless the '--jsx' flag is provided.
src/components/features/market/WallHunterModal.tsx(880,45): error TS17004: Cannot use JSX unless the '--jsx' flag is provided.
src/components/features/market/WallHunterModal.tsx(890,17): error TS17004: Cannot use JSX unless the '--jsx' flag is provided.
src/components/features/market/WallHunterModal.tsx(892,25): error TS17004: Cannot use JSX unless the '--jsx' flag is provided.
src/components/features/market/WallHunterModal.tsx(897,21): error TS17004: Cannot use JSX unless the '--jsx' flag is provided.
src/components/features/market/WallHunterModal.tsx(898,25): error TS17004: Cannot use JSX unless the '--jsx' flag is provided.
src/components/features/market/WallHunterModal.tsx(901,25): error TS17004: Cannot use JSX unless the '--jsx' flag is provided.
src/components/features/market/WallHunterModal.tsx(916,5): error TS17004: Cannot use JSX unless the '--jsx' flag is provided.
src/components/features/market/WallHunterModal.tsx(917,9): error TS17004: Cannot use JSX unless the '--jsx' flag is provided.
src/components/features/market/WallHunterModal.tsx(918,9): error TS17004: Cannot use JSX unless the '--jsx' flag is provided.
src/services/botService.ts(2,27): error TS2307: Cannot find module '@/types' or its corresponding type declarations.
